******************************************************************************
                  TI ARM Linker PC v20.2.7                     
******************************************************************************
>> Linked Mon Feb 10 13:54:50 2025

OUTPUT FILE NAME:   <Interrupts and Timers.out>
ENTRY POINT SYMBOL: "_c_int00_noinit_noargs"  address: 00000659


MEMORY CONFIGURATION

         name            origin    length      used     unused   attr    fill
----------------------  --------  ---------  --------  --------  ----  --------
  FLASH                 00000000   00040000  000006a8  0003f958  R  X
  SRAM                  20000000   00008000  00000200  00007e00  RW X


SEGMENT ALLOCATION MAP

run origin  load origin   length   init length attrs members
----------  ----------- ---------- ----------- ----- -------
00000000    00000000    000006a8   000006a8    r-x
  00000000    00000000    0000026c   0000026c    r-- .intvecs
  0000026c    0000026c    0000042c   0000042c    r-x .text
  00000698    00000698    00000010   00000010    r-- .const
20000000    20000000    00000200   00000000    rw-
  20000000    20000000    00000200   00000000    rw- .stack


SECTION ALLOCATION MAP

 output                                  attributes/
section   page    origin      length       input sections
--------  ----  ----------  ----------   ----------------
.intvecs   0    00000000    0000026c     
                  00000000    0000026c     tm4c123gh6pm_startup_ccs.obj (.intvecs)

.text      0    0000026c    0000042c     
                  0000026c    00000304     source.obj (.text)
                  00000570    0000009c     rtsv7M4_T_le_v4SPD16_eabi.lib : memcpy_t2.asm.obj (.text)
                  0000060c    0000004a     main.obj (.text)
                  00000656    00000002     --HOLE-- [fill = 0]
                  00000658    0000002c     rtsv7M4_T_le_v4SPD16_eabi.lib : boot_cortex_m.c.obj (.text:_c_int00_noinit_noargs:_c_int00_noinit_noargs)
                  00000684    0000000c     tm4c123gh6pm_startup_ccs.obj (.text)
                  00000690    00000004     rtsv7M4_T_le_v4SPD16_eabi.lib : pre_init.c.obj (.text:_system_pre_init)
                  00000694    00000004                                   : exit.c.obj (.text:abort:abort)

.const     0    00000698    00000010     
                  00000698    00000010     source.obj (.const:$P$T0$1)

.cinit     0    00000000    00000000     UNINITIALIZED

.init_array 
*          0    00000000    00000000     UNINITIALIZED

.stack     0    20000000    00000200     UNINITIALIZED
                  20000000    00000004     rtsv7M4_T_le_v4SPD16_eabi.lib : boot_cortex_m.c.obj (.stack)
                  20000004    000001fc     --HOLE--

__llvm_prf_cnts 
*          0    20000000    00000000     UNINITIALIZED

MODULE SUMMARY

       Module                         code   ro data   rw data
       ------                         ----   -------   -------
    .\
       source.obj                     772    16        0      
       tm4c123gh6pm_startup_ccs.obj   12     620       0      
       main.obj                       74     0         0      
    +--+------------------------------+------+---------+---------+
       Total:                         858    636       0      
                                                              
    C:\ti\ccs1281\ccs\tools\compiler\ti-cgt-arm_20.2.7.LTS\lib\rtsv7M4_T_le_v4SPD16_eabi.lib
       memcpy_t2.asm.obj              156    0         0      
       boot_cortex_m.c.obj            44     0         0      
       exit.c.obj                     4      0         0      
       pre_init.c.obj                 4      0         0      
    +--+------------------------------+------+---------+---------+
       Total:                         208    0         0      
                                                              
       Stack:                         0      0         512    
    +--+------------------------------+------+---------+---------+
       Grand Total:                   1066   636       512    


GLOBAL SYMBOLS: SORTED ALPHABETICALLY BY Name 

address   name                   
-------   ----                   
000004af  ButtonHandler          
00000695  C$$EXIT                
0000026f  EnableGPIO             
0000034b  EnableTimer            
000002f1  EnableUART             
00000685  ResetISR               
00000477  TimerHandler           
20000200  __STACK_END            
00000200  __STACK_SIZE           
20000200  __STACK_TOP            
ffffffff  __TI_pprof_out_hndl    
ffffffff  __TI_prof_data_size    
ffffffff  __TI_prof_data_start   
00000000  __TI_static_base__     
00000571  __aeabi_memcpy         
00000571  __aeabi_memcpy4        
00000571  __aeabi_memcpy8        
ffffffff  __binit__              
ffffffff  __c_args__             
UNDEFED   __mpu_init             
20000000  __stack                
20000000  __start___llvm_prf_cnts
20000000  __stop___llvm_prf_cnts 
00000659  _c_int00_noinit_noargs 
00000691  _system_pre_init       
00000695  abort                  
ffffffff  binit                  
000003d7  delay                  
00000000  g_pfnVectors           
0000026d  initialize             
000003ff  keyPadOutput           
0000060d  main                   
00000571  memcpy                 
000003bb  readChar               
0000039f  sendChar               


GLOBAL SYMBOLS: SORTED BY Symbol Address 

address   name                   
-------   ----                   
00000000  __TI_static_base__     
00000000  g_pfnVectors           
00000200  __STACK_SIZE           
0000026d  initialize             
0000026f  EnableGPIO             
000002f1  EnableUART             
0000034b  EnableTimer            
0000039f  sendChar               
000003bb  readChar               
000003d7  delay                  
000003ff  keyPadOutput           
00000477  TimerHandler           
000004af  ButtonHandler          
00000571  __aeabi_memcpy         
00000571  __aeabi_memcpy4        
00000571  __aeabi_memcpy8        
00000571  memcpy                 
0000060d  main                   
00000659  _c_int00_noinit_noargs 
00000685  ResetISR               
00000691  _system_pre_init       
00000695  C$$EXIT                
00000695  abort                  
20000000  __stack                
20000000  __start___llvm_prf_cnts
20000000  __stop___llvm_prf_cnts 
20000200  __STACK_END            
20000200  __STACK_TOP            
ffffffff  __TI_pprof_out_hndl    
ffffffff  __TI_prof_data_size    
ffffffff  __TI_prof_data_start   
ffffffff  __binit__              
ffffffff  __c_args__             
ffffffff  binit                  
UNDEFED   __mpu_init             

[35 symbols]
